// Jest Snapshot v1, https://goo.gl/fbAQLP

exports[`ProductList component Renders a list of products with a title 1`] = `
<figure
  className="ProductList"
>
  <figcaption
    className="ProductList-title"
  >
    HelloWorld
  </figcaption>
  <ul
    className="ProductList-list"
  >
    <li
      className="ProductList-product"
    >
      <label
        className="SelectableItem-label"
      >
        <input
          className="SelectableItem-item"
          name="product"
          onChange={[Function]}
          type="checkbox"
          value="pr1"
        />
        Number One
      </label>
    </li>
    <li
      className="ProductList-product"
    >
      <label
        className="SelectableItem-label"
      >
        <input
          className="SelectableItem-item"
          name="product"
          onChange={[Function]}
          type="checkbox"
          value="pr2"
        />
        Number Two
      </label>
    </li>
  </ul>
</figure>
`;
