// Jest Snapshot v1, https://goo.gl/fbAQLP

exports[`SelectableItem component Renders a checkbox input with a label 1`] = `
<label
  className="SelectableItem-label"
>
  <input
    checked={false}
    className="SelectableItem-item"
    name="product"
    onChange={[Function]}
    type="checkbox"
    value="product1"
  />
  Product Name
</label>
`;
